1389769144.421191 ccnd[4260]: CCND_DEBUG=7 CCND_CAP=2147483647
1389769144.421367 ccnd[4260]: listening on /tmp/.ccnd.sock.63003
1389769144.421397 ccnd[4260]: accepting ipv4 datagrams on fd 4 rcvbuf 229376
1389769144.421420 ccnd[4260]: accepting ipv4 connections on fd 5
1389769144.421439 ccnd[4260]: accepting ipv6 datagrams on fd 6 rcvbuf 229376
1389769144.421460 ccnd[4260]: accepting ipv6 connections on fd 7
1389769144.439286 ccnd[4260]: debug.2509 prefix,ff=3 0 ccnx:/ccnx/ping (16 bytes)
1389769144.439411 ccnd[4260]: debug.2509 prefix,ff=3 0 ccnx:/%C1.M.S.localhost/%C1.M.SRV/ccnd (37 bytes)
1389769144.439429 ccnd[4260]: debug.2509 prefix,ff=3 0 ccnx:/%C1.M.S.neighborhood (24 bytes)
1389769144.439447 ccnd[4260]: debug.2509 prefix,ff=3 0 ccnx:/%C1.M.S.neighborhood/guest (32 bytes)
1389769144.439462 ccnd[4260]: debug.2509 prefix,ff=3 0 ccnx:/%C1.M.FACE (13 bytes)
1389769144.439492 ccnd[4260]: debug.2509 prefix,ff=0x17 0 ccnx:/ccnx/=60041BF12544B7936C08A5F9D23653A3E8D6BED9B37CAC1491637224ED29F069 (45 bytes)
1389769144.439506 ccnd[4260]: debug.2509 prefix,ff=0x23 0 ccnx:/%C1.M.S.localhost (20 bytes)
1389769145.422817 ccnd[4260]: accepted client fd=8 id=6
1389769145.422858 ccnd[4260]: shutdown client fd=8 id=6
1389769145.422867 ccnd[4260]: recycling face id 6 (slot 6)
1389769145.499540 ccnd[4260]: accepted client fd=8 id=6
1389769145.499616 ccnd[4260]: debug.4180 interest_from 6 ccnx:/%C1.M.S.localhost/%C1.M.SRV/ccnd/KEY (46 bytes,sim=DC5B4561)
1389769145.503732 ccnd[4260]: debug.3324 interest_to 0 ccnx:/%C1.M.S.localhost/%C1.M.SRV/ccnd/KEY (62 bytes,i=1,sim=DC5B4561) 60041B-10A4-0006-B97F-10403E
1389769145.504941 ccnd[4260]: debug.4492 content_from 0 ccnx:/%C1.M.S.localhost/%C1.M.SRV/ccnd/KEY/%C1.M.K=0060041BF12544B7936C08A5F9D23653A3E8D6BED9B37CAC1491637224ED29F069/=FD052D631B86BD/=00/=D72FC17885542828E6E69C0628661DD96351EE84F1CC95EAA07B4E92555A3942 (575 bytes)
1389769145.504998 ccnd[4260]: debug.1550 content_to 6 ccnx:/%C1.M.S.localhost/%C1.M.SRV/ccnd/KEY/%C1.M.K=0060041BF12544B7936C08A5F9D23653A3E8D6BED9B37CAC1491637224ED29F069/=FD052D631B86BD/=00/=D72FC17885542828E6E69C0628661DD96351EE84F1CC95EAA07B4E92555A3942 (575 bytes)
1389769145.510889 ccnd[4260]: debug.4180 interest_from 6 ccnx:/ccnx/=60041BF12544B7936C08A5F9D23653A3E8D6BED9B37CAC1491637224ED29F069/newface/=048202AA03B2088516D0E3C5B0FCCE43BFDC832F2A730C4A4CE77EB5CA034E2E9BEF79D3C5404E2AAD88A74EAEA3A76B5503FBC8EBDF3C77C8352F875B458078473283AADFDE2C51550ED636E75100422E92AE4B8842D2D71DAF2BE587F1D74EA2572F538B6560A524DC476D7F61FC3CCC55CCCBD5342428EDF43E98FB482376FCC8D950B5A313E60000F20001A203E202851EBCFDB2B9CF7AA1B41307B3D10E5C0E8278DDEC8E3E5490624ED80143910D320002BAB5052D631B98280001E201DA0A9530819F300D06092A864886F70D010101050003818D0030818902818100D588AB339066C6CF5A6A650CCC7B8AE6AEF1200FFC43754ACE5C3C2C9E6AD3072D993F9C180AA1F1DCD5998113A51F851131507BC8626DD23C064411E66778B3CFAFBF632E5C9F2A59B3A41E60B47CB2BB46A9648CCC056F07B0A4ADD19F82F7A93482A8701C0FBA61A5715C51DD099AF2172FC8ECD0B1A74CD9A1412D4776390203010001000000019A0695058204CABE6E6577666163650003E2028560041BF12544B7936C08A5F9D23653A3E8D6BED9B37CAC1491637224ED29F0690004D28E300004DA9631370004E2CE3132372E302E302E310004EAAE36333030310003D2D63231343734383336343700000000 (531 bytes,scope=1,sim=6FF0DB6D)
1389769145.515150 ccnd[4260]: debug.3324 interest_to 0 ccnx:/ccnx/=60041BF12544B7936C08A5F9D23653A3E8D6BED9B37CAC1491637224ED29F069/newface/=048202AA03B2088516D0E3C5B0FCCE43BFDC832F2A730C4A4CE77EB5CA034E2E9BEF79D3C5404E2AAD88A74EAEA3A76B5503FBC8EBDF3C77C8352F875B458078473283AADFDE2C51550ED636E75100422E92AE4B8842D2D71DAF2BE587F1D74EA2572F538B6560A524DC476D7F61FC3CCC55CCCBD5342428EDF43E98FB482376FCC8D950B5A313E60000F20001A203E202851EBCFDB2B9CF7AA1B41307B3D10E5C0E8278DDEC8E3E5490624ED80143910D320002BAB5052D631B98280001E201DA0A9530819F300D06092A864886F70D010101050003818D0030818902818100D588AB339066C6CF5A6A650CCC7B8AE6AEF1200FFC43754ACE5C3C2C9E6AD3072D993F9C180AA1F1DCD5998113A51F851131507BC8626DD23C064411E66778B3CFAFBF632E5C9F2A59B3A41E60B47CB2BB46A9648CCC056F07B0A4ADD19F82F7A93482A8701C0FBA61A5715C51DD099AF2172FC8ECD0B1A74CD9A1412D4776390203010001000000019A0695058204CABE6E6577666163650003E2028560041BF12544B7936C08A5F9D23653A3E8D6BED9B37CAC1491637224ED29F0690004D28E300004DA9631370004E2CE3132372E302E302E310004EAAE36333030310003D2D63231343734383336343700000000 (547 bytes,scope=1,i=2,sim=6FF0DB6D) 60041B-10A4-0006-B982-E30AFD
1389769145.515290 ccnd[4260]: accepted datagram client id=7 (flags=0x41012) 127.0.0.1 port 63001
1389769145.516028 ccnd[4260]: debug.4492 content_from 0 ccnx:/ccnx/=60041BF12544B7936C08A5F9D23653A3E8D6BED9B37CAC1491637224ED29F069/newface/=048202AA03B2088516D0E3C5B0FCCE43BFDC832F2A730C4A4CE77EB5CA034E2E9BEF79D3C5404E2AAD88A74EAEA3A76B5503FBC8EBDF3C77C8352F875B458078473283AADFDE2C51550ED636E75100422E92AE4B8842D2D71DAF2BE587F1D74EA2572F538B6560A524DC476D7F61FC3CCC55CCCBD5342428EDF43E98FB482376FCC8D950B5A313E60000F20001A203E202851EBCFDB2B9CF7AA1B41307B3D10E5C0E8278DDEC8E3E5490624ED80143910D320002BAB5052D631B98280001E201DA0A9530819F300D06092A864886F70D010101050003818D0030818902818100D588AB339066C6CF5A6A650CCC7B8AE6AEF1200FFC43754ACE5C3C2C9E6AD3072D993F9C180AA1F1DCD5998113A51F851131507BC8626DD23C064411E66778B3CFAFBF632E5C9F2A59B3A41E60B47CB2BB46A9648CCC056F07B0A4ADD19F82F7A93482A8701C0FBA61A5715C51DD099AF2172FC8ECD0B1A74CD9A1412D4776390203010001000000019A0695058204CABE6E6577666163650003E2028560041BF12544B7936C08A5F9D23653A3E8D6BED9B37CAC1491637224ED29F0690004D28E300004DA9631370004E2CE3132372E302E302E310004EAAE36333030310003D2D63231343734383336343700000000/=97118158B0E90EF059DFAFF81504F5271D0888F8C5CC323469ADC359B3FD1C78 (980 bytes)
1389769145.516191 ccnd[4260]: debug.1550 content_to 6 ccnx:/ccnx/=60041BF12544B7936C08A5F9D23653A3E8D6BED9B37CAC1491637224ED29F069/newface/=048202AA03B2088516D0E3C5B0FCCE43BFDC832F2A730C4A4CE77EB5CA034E2E9BEF79D3C5404E2AAD88A74EAEA3A76B5503FBC8EBDF3C77C8352F875B458078473283AADFDE2C51550ED636E75100422E92AE4B8842D2D71DAF2BE587F1D74EA2572F538B6560A524DC476D7F61FC3CCC55CCCBD5342428EDF43E98FB482376FCC8D950B5A313E60000F20001A203E202851EBCFDB2B9CF7AA1B41307B3D10E5C0E8278DDEC8E3E5490624ED80143910D320002BAB5052D631B98280001E201DA0A9530819F300D06092A864886F70D010101050003818D0030818902818100D588AB339066C6CF5A6A650CCC7B8AE6AEF1200FFC43754ACE5C3C2C9E6AD3072D993F9C180AA1F1DCD5998113A51F851131507BC8626DD23C064411E66778B3CFAFBF632E5C9F2A59B3A41E60B47CB2BB46A9648CCC056F07B0A4ADD19F82F7A93482A8701C0FBA61A5715C51DD099AF2172FC8ECD0B1A74CD9A1412D4776390203010001000000019A0695058204CABE6E6577666163650003E2028560041BF12544B7936C08A5F9D23653A3E8D6BED9B37CAC1491637224ED29F0690004D28E300004DA9631370004E2CE3132372E302E302E310004EAAE36333030310003D2D63231343734383336343700000000/=97118158B0E90EF059DFAFF81504F5271D0888F8C5CC323469ADC359B3FD1C78 (980 bytes)
1389769145.516987 ccnd[4260]: debug.4180 interest_from 6 ccnx:/ccnx/=60041BF12544B7936C08A5F9D23653A3E8D6BED9B37CAC1491637224ED29F069/prefixreg/=048202AA03B2088568A923E3BE9D3AE1A57E1EBB8A3D3FB1F85B8363A84D3C8FC5C126E7DAB76F26EBCFD088E54B0D69C58DEE79C91D08F38D7F969C361A109930F34529945034323E3749C959CDE1D0333DABBF4DD1C39E284BA5C16CAEB6C43574B2168E600C06D820C1CA380A3C83FCAEE911771D45D14341081B1C6F605028B3DAD90ABE25060000F20001A203E202851EBCFDB2B9CF7AA1B41307B3D10E5C0E8278DDEC8E3E5490624ED80143910D320002BAB5052D631B98430001E201DA0A9530819F300D06092A864886F70D010101050003818D0030818902818100D588AB339066C6CF5A6A650CCC7B8AE6AEF1200FFC43754ACE5C3C2C9E6AD3072D993F9C180AA1F1DCD5998113A51F851131507BC8626DD23C064411E66778B3CFAFBF632E5C9F2A59B3A41E60B47CB2BB46A9648CCC056F07B0A4ADD19F82F7A93482A8701C0FBA61A5715C51DD099AF2172FC8ECD0B1A74CD9A1412D4776390203010001000000019A04D5058A04CACE70726566697872656700F20003E2028560041BF12544B7936C08A5F9D23653A3E8D6BED9B37CAC1491637224ED29F0690004D28E370003D2D63231343734383336343700000000 (509 bytes,scope=1,sim=23ADB7E7)
1389769145.521225 ccnd[4260]: debug.3324 interest_to 0 ccnx:/ccnx/=60041BF12544B7936C08A5F9D23653A3E8D6BED9B37CAC1491637224ED29F069/prefixreg/=048202AA03B2088568A923E3BE9D3AE1A57E1EBB8A3D3FB1F85B8363A84D3C8FC5C126E7DAB76F26EBCFD088E54B0D69C58DEE79C91D08F38D7F969C361A109930F34529945034323E3749C959CDE1D0333DABBF4DD1C39E284BA5C16CAEB6C43574B2168E600C06D820C1CA380A3C83FCAEE911771D45D14341081B1C6F605028B3DAD90ABE25060000F20001A203E202851EBCFDB2B9CF7AA1B41307B3D10E5C0E8278DDEC8E3E5490624ED80143910D320002BAB5052D631B98430001E201DA0A9530819F300D06092A864886F70D010101050003818D0030818902818100D588AB339066C6CF5A6A650CCC7B8AE6AEF1200FFC43754ACE5C3C2C9E6AD3072D993F9C180AA1F1DCD5998113A51F851131507BC8626DD23C064411E66778B3CFAFBF632E5C9F2A59B3A41E60B47CB2BB46A9648CCC056F07B0A4ADD19F82F7A93482A8701C0FBA61A5715C51DD099AF2172FC8ECD0B1A74CD9A1412D4776390203010001000000019A04D5058A04CACE70726566697872656700F20003E2028560041BF12544B7936C08A5F9D23653A3E8D6BED9B37CAC1491637224ED29F0690004D28E370003D2D63231343734383336343700000000 (525 bytes,scope=1,i=3,sim=23ADB7E7) 60041B-10A4-0006-B984-4D7C1E
1389769145.521316 ccnd[4260]: debug.2509 prefix,ff=3 7 ccnx:/ (2 bytes)
1389769145.522035 ccnd[4260]: debug.4492 content_from 0 ccnx:/ccnx/=60041BF12544B7936C08A5F9D23653A3E8D6BED9B37CAC1491637224ED29F069/prefixreg/=048202AA03B2088568A923E3BE9D3AE1A57E1EBB8A3D3FB1F85B8363A84D3C8FC5C126E7DAB76F26EBCFD088E54B0D69C58DEE79C91D08F38D7F969C361A109930F34529945034323E3749C959CDE1D0333DABBF4DD1C39E284BA5C16CAEB6C43574B2168E600C06D820C1CA380A3C83FCAEE911771D45D14341081B1C6F605028B3DAD90ABE25060000F20001A203E202851EBCFDB2B9CF7AA1B41307B3D10E5C0E8278DDEC8E3E5490624ED80143910D320002BAB5052D631B98430001E201DA0A9530819F300D06092A864886F70D010101050003818D0030818902818100D588AB339066C6CF5A6A650CCC7B8AE6AEF1200FFC43754ACE5C3C2C9E6AD3072D993F9C180AA1F1DCD5998113A51F851131507BC8626DD23C064411E66778B3CFAFBF632E5C9F2A59B3A41E60B47CB2BB46A9648CCC056F07B0A4ADD19F82F7A93482A8701C0FBA61A5715C51DD099AF2172FC8ECD0B1A74CD9A1412D4776390203010001000000019A04D5058A04CACE70726566697872656700F20003E2028560041BF12544B7936C08A5F9D23653A3E8D6BED9B37CAC1491637224ED29F0690004D28E370003D2D63231343734383336343700000000/=5D83A5F084A110262524E4E661710D92C6291F7E472FF7D6086DA7311F74F45B (941 bytes)
1389769145.522191 ccnd[4260]: debug.1550 content_to 6 ccnx:/ccnx/=60041BF12544B7936C08A5F9D23653A3E8D6BED9B37CAC1491637224ED29F069/prefixreg/=048202AA03B2088568A923E3BE9D3AE1A57E1EBB8A3D3FB1F85B8363A84D3C8FC5C126E7DAB76F26EBCFD088E54B0D69C58DEE79C91D08F38D7F969C361A109930F34529945034323E3749C959CDE1D0333DABBF4DD1C39E284BA5C16CAEB6C43574B2168E600C06D820C1CA380A3C83FCAEE911771D45D14341081B1C6F605028B3DAD90ABE25060000F20001A203E202851EBCFDB2B9CF7AA1B41307B3D10E5C0E8278DDEC8E3E5490624ED80143910D320002BAB5052D631B98430001E201DA0A9530819F300D06092A864886F70D010101050003818D0030818902818100D588AB339066C6CF5A6A650CCC7B8AE6AEF1200FFC43754ACE5C3C2C9E6AD3072D993F9C180AA1F1DCD5998113A51F851131507BC8626DD23C064411E66778B3CFAFBF632E5C9F2A59B3A41E60B47CB2BB46A9648CCC056F07B0A4ADD19F82F7A93482A8701C0FBA61A5715C51DD099AF2172FC8ECD0B1A74CD9A1412D4776390203010001000000019A04D5058A04CACE70726566697872656700F20003E2028560041BF12544B7936C08A5F9D23653A3E8D6BED9B37CAC1491637224ED29F0690004D28E370003D2D63231343734383336343700000000/=5D83A5F084A110262524E4E661710D92C6291F7E472FF7D6086DA7311F74F45B (941 bytes)
1389769145.522306 ccnd[4260]: shutdown client fd=8 id=6
1389769145.522317 ccnd[4260]: releasing face id 6 (slot 6)
1389769145.528979 ccnd[4260]: accepted client fd=8 id=8
1389769145.529281 ccnd[4260]: shutdown client fd=8 id=8
1389769145.529294 ccnd[4260]: recycling face id 8 (slot 8)
1389769145.538939 ccnd[4260]: debug.4180 interest_from 7 ccnx:/test (28 bytes,sim=06FAFE17) A2B12A-10A2-0008-B987-8A7080
1389769145.629731 ccnd[4260]: debug.4180 interest_from 7 ccnx:/test (107 bytes,aok=0x1,sim=65B80F81,e=[long,ccnls,happy,locotcp,child_selector,test_new_provider]) A2B12A-10A2-0008-B99D-B942DA
1389769145.812802 ccnd[4260]: debug.4180 interest_from 7 ccnx:/%C1.M.FACE (95 bytes,aok=0,scope=2,sim=084CCF6A,e=[*,%C1.M.G=0000341A9E76ED5A000000000000,%C1.M.G=0000341A9E76ED5AFFFFFFFFFFFF,*]) 794D0B-10A1-0000-B9CC-FAB0AA
1389769145.816963 ccnd[4260]: debug.3324 interest_to 0 ccnx:/%C1.M.FACE (95 bytes,aok=0,scope=2,i=6,sim=084CCF6A,e=[*,%C1.M.G=0000341A9E76ED5A000000000000,%C1.M.G=0000341A9E76ED5AFFFFFFFFFFFF,*]) 794D0B-10A1-0000-B9CC-FAB0AA
1389769145.816981 ccnd[4260]: ic.1143 adjstate 7 .S.......... 0x61412
1389769145.817015 ccnd[4260]: ic.688 adjstate 7 .S.......P.. 0x61412
1389769145.817033 ccnd[4260]: ic.693 adjstate 7 .So......P.. 0x61412
1389769145.817072 ccnd[4260]: debug.4180 interest_from 0 ccnx:/%C1.M.FACE/%C1.M.G=0000341A9E76ED5A0B118E9FF169/%C1.M.NODE (110 bytes,aok=0,scope=2,sim=DAC5D0E6,e=[%C1.M.K=0060041BF12544B7936C08A5F9D23653A3E8D6BED9B37CAC1491637224ED29F069])
1389769145.821204 ccnd[4260]: debug.3324 interest_to 7 ccnx:/%C1.M.FACE/%C1.M.G=0000341A9E76ED5A0B118E9FF169/%C1.M.NODE (121 bytes,aok=0,scope=2,i=7,sim=DAC5D0E6,e=[%C1.M.K=0060041BF12544B7936C08A5F9D23653A3E8D6BED9B37CAC1491637224ED29F069]) 60041B-10A4-0000-B9D1-A2251E
1389769145.836132 ccnd[4260]: debug.4492 content_from 7 ccnx:/%C1.M.FACE/%C1.M.G=0000341A9E76ED5A0B118E9FF169/%C1.M.NODE/%C1.M.K=00794D0B70436E4CC842BA4AFF918140209E2DBD1DB42E8B45A78389F1D03E1F82/face~11/=FD052D631B9D5E/=00/%E4R%C33=3CAE171397BF9B8C16F3EA6395E1913335F3E89872F9B9DCD3630511 (486 bytes)
1389769145.836209 ccnd[4260]: debug.1550 content_to 0 ccnx:/%C1.M.FACE/%C1.M.G=0000341A9E76ED5A0B118E9FF169/%C1.M.NODE/%C1.M.K=00794D0B70436E4CC842BA4AFF918140209E2DBD1DB42E8B45A78389F1D03E1F82/face~11/=FD052D631B9D5E/=00/%E4R%C33=3CAE171397BF9B8C16F3EA6395E1913335F3E89872F9B9DCD3630511 (486 bytes)
1389769145.836321 ccnd[4260]: ic.607 adjstate 7 .So....D.P.. 0x21412
1389769145.836330 ccnd[4260]: ic.608 adjstate 7 .So....D.... 0x21412
1389769145.850207 ccnd[4260]: debug.4180 interest_from 7 ccnx:/%C1.M.FACE/%C1.M.G=0000341A9E76ED5A0B118E9FF169/%C1.M.NODE (121 bytes,aok=0,scope=2,sim=24C4DF91,e=[%C1.M.K=00794D0B70436E4CC842BA4AFF918140209E2DBD1DB42E8B45A78389F1D03E1F82]) 794D0B-10A1-0000-B9D6-069C06
1389769145.862337 ccnd[4260]: debug.3324 interest_to 0 ccnx:/%C1.M.FACE/%C1.M.G=0000341A9E76ED5A0B118E9FF169/%C1.M.NODE (121 bytes,aok=0,scope=2,i=8,sim=24C4DF91,e=[%C1.M.K=00794D0B70436E4CC842BA4AFF918140209E2DBD1DB42E8B45A78389F1D03E1F82]) 794D0B-10A1-0000-B9D6-069C06
1389769145.862931 ccnd[4260]: ic.1165 adjstate 7 .So..C.D.... 0x21412
1389769145.862944 ccnd[4260]: ic.1169 adjstate 7 .So..CdD.... 0x21412
1389769145.862980 ccnd[4260]: debug.2509 prefix,ff=3,sec=120 7 ccnx:/%C1.M.FACE/%C1.M.G=0000341A9E76ED5A0B118E9FF169 (36 bytes)
1389769145.862988 ccnd[4260]: ic.250 adjstate 7 .So..CdD...A 0x421412
1389769145.863049 ccnd[4260]: debug.4492 content_from 0 ccnx:/%C1.M.FACE/%C1.M.G=0000341A9E76ED5A0B118E9FF169/%C1.M.NODE/%C1.M.K=0060041BF12544B7936C08A5F9D23653A3E8D6BED9B37CAC1491637224ED29F069/face~7/=FD052D631B9DCC/=00/H=E1D991EBCB231D0224CC1AE5A7BCD8B4B41C62859AC17ADD2C277DA162715A (485 bytes)
1389769145.863110 ccnd[4260]: debug.1550 content_to 7 ccnx:/%C1.M.FACE/%C1.M.G=0000341A9E76ED5A0B118E9FF169/%C1.M.NODE/%C1.M.K=0060041BF12544B7936C08A5F9D23653A3E8D6BED9B37CAC1491637224ED29F069/face~7/=FD052D631B9DCC/=00/H=E1D991EBCB231D0224CC1AE5A7BCD8B4B41C62859AC17ADD2C277DA162715A (485 bytes)
1389769146.734693 ccnd[4260]: debug.4180 interest_from 7 ccnx:/test/long/jot/576 (52 bytes,c=0:1,sim=2311137D) A2B12A-10A2-0009-BABB-384BCD
1389769146.734759 ccnd[4260]: debug.4180 interest_from 7 ccnx:/test/long/jot/582 (52 bytes,c=0:1,sim=ACA46ED0) A2B12A-10A2-0009-BABB-F38328
1389769146.736858 ccnd[4260]: debug.4180 interest_from 7 ccnx:/test/long/jot/577 (52 bytes,c=0:1,sim=662569A5) A2B12A-10A2-0009-BABB-ADF7B8
1389769146.736922 ccnd[4260]: debug.4180 interest_from 7 ccnx:/test/long/jot/578 (52 bytes,c=0:1,sim=0D7F4785) A2B12A-10A2-0009-BABB-AB107C
1389769146.736968 ccnd[4260]: debug.4180 interest_from 7 ccnx:/test/long/jot/579 (52 bytes,c=0:1,sim=ECC9D1C9) A2B12A-10A2-0009-BABB-CB8858
1389769146.737013 ccnd[4260]: debug.4180 interest_from 7 ccnx:/test/long/jot/580 (52 bytes,c=0:1,sim=A0EA6F90) A2B12A-10A2-0009-BABB-7763D7
1389769146.737058 ccnd[4260]: debug.4180 interest_from 7 ccnx:/test/long/jot/581 (52 bytes,c=0:1,sim=9799283D) A2B12A-10A2-0009-BABB-6A0A20
1389769146.772503 ccnd[4260]: debug.4180 interest_from 7 ccnx:/9de1ce24367c918683a8f34239fc920ccd977588 (109 bytes,aok=0x1,sim=C18AD7F4,e=[R=D01B239EDAAD6613219FAE55310DF695CEE8719EE7574DE031ACBE14CA376A]) 476DDE-0EED-004C-BAC1-05BBDC
1389769148.798125 ccnd[4260]: accepted client fd=8 id=8
1389769148.798167 ccnd[4260]: CCND_DEBUG=71
1389769148.000000 ccnd[4260]: 63003 ____________________ Wed Jan 15 14:59:08 2014
1389769148.798192 ccnd[4260]: shutdown client fd=8 id=8
1389769148.798268 ccnd[4260]: recycling face id 8 (slot 8)
1389769148.799939 ccnd[4260]: accepted client fd=8 id=8
1389769148.805275 ccnd[4260]: debug.4492 content_from 8 ccnx:/test_scope2_K6hFZJtX_ZSRayKH/scope2/stuff/=05AE97CD4CC5FAC6FE98C901771F7FAF78651E7014E790E60059A4F5C920D41E (413 bytes)
1389769148.805304 ccnd[4260]: shutdown client fd=8 id=8
1389769148.805312 ccnd[4260]: releasing face id 8 (slot 8)
1389769149.310621 ccnd[4260]: debug.4180 interest_from 7 ccnx:/test_scope2_K6hFZJtX_ZSRayKH/scope2 (67 bytes,scope=2,sim=E1BB43C3) 794D0B-10A1-000C-BD4F-43247B
1389769149.310701 ccnd[4260]: debug.1550 content_to 7 ccnx:/test_scope2_K6hFZJtX_ZSRayKH/scope2/stuff/=05AE97CD4CC5FAC6FE98C901771F7FAF78651E7014E790E60059A4F5C920D41E (413 bytes)
1389769149.539235 ccnd[4260]: debug.3514 interest_expiry 7 ccnx:/test (12 bytes,i=4,sim=06FAFE17)
1389769149.630389 ccnd[4260]: debug.3514 interest_expiry 7 ccnx:/test (91 bytes,aok=0x1,i=5,sim=65B80F81,e=[long,ccnls,happy,locotcp,child_selector,test_new_provider])
1389769150.735721 ccnd[4260]: debug.3514 interest_expiry 7 ccnx:/test/long/jot/576 (36 bytes,c=0:1,i=9,sim=2311137D)
1389769150.735758 ccnd[4260]: debug.3514 interest_expiry 7 ccnx:/test/long/jot/582 (36 bytes,c=0:1,i=10,sim=ACA46ED0)
1389769150.737857 ccnd[4260]: debug.3514 interest_expiry 7 ccnx:/test/long/jot/577 (36 bytes,c=0:1,i=11,sim=662569A5)
1389769150.737877 ccnd[4260]: debug.3514 interest_expiry 7 ccnx:/test/long/jot/578 (36 bytes,c=0:1,i=12,sim=0D7F4785)
1389769150.737895 ccnd[4260]: debug.3514 interest_expiry 7 ccnx:/test/long/jot/579 (36 bytes,c=0:1,i=13,sim=ECC9D1C9)
1389769150.737912 ccnd[4260]: debug.3514 interest_expiry 7 ccnx:/test/long/jot/580 (36 bytes,c=0:1,i=14,sim=A0EA6F90)
1389769150.737930 ccnd[4260]: debug.3514 interest_expiry 7 ccnx:/test/long/jot/581 (36 bytes,c=0:1,i=15,sim=9799283D)
1389769150.773038 ccnd[4260]: debug.3514 interest_expiry 7 ccnx:/9de1ce24367c918683a8f34239fc920ccd977588 (93 bytes,aok=0x1,i=16,sim=C18AD7F4,e=[R=D01B239EDAAD6613219FAE55310DF695CEE8719EE7574DE031ACBE14CA376A])
1389769151.670756 ccnd[4260]: accepted client fd=8 id=9
1389769151.672358 ccnd[4260]: accepted client fd=9 id=10
1389769151.672381 ccnd[4260]: stopping (/tmp/.ccnd.sock.63003 gone)
1389769151.672389 ccnd[4260]: exiting.
1389769151.672402 ccnd[4260]: closing fd 3 while finalizing face 1
1389769151.672410 ccnd[4260]: releasing face id 1 (slot 1)
1389769151.672424 ccnd[4260]: closing fd 5 while finalizing face 3
1389769151.672431 ccnd[4260]: releasing face id 3 (slot 3)
1389769151.672443 ccnd[4260]: closing fd 7 while finalizing face 5
1389769151.672450 ccnd[4260]: releasing face id 5 (slot 5)
1389769151.672461 ccnd[4260]: closing fd 4 while finalizing face 2
1389769151.672469 ccnd[4260]: releasing face id 2 (slot 2)
1389769151.672479 ccnd[4260]: closing fd 6 while finalizing face 4
1389769151.672486 ccnd[4260]: releasing face id 4 (slot 4)
1389769151.000000 ccnd[4260]: 63003 ____________________ Wed Jan 15 14:59:11 2014
1389769151.672537 ccnd[4260]: ic.204 adjstate 7 .So..CdD.... 0x421412
1389769151.672573 ccnd[4260]: releasing face id 7 (slot 7)
1389769151.672603 ccnd[4260]: closing fd 8 while finalizing face 9
1389769151.672610 ccnd[4260]: releasing face id 9 (slot 9)
1389769151.672634 ccnd[4260]: closing fd 9 while finalizing face 10
1389769151.672642 ccnd[4260]: recycling face id 10 (slot 10)
