1389769125.000000 ccnd[3766]: 63005 ____________________ Wed Jan 15 14:58:45 2014
1389769125.064553 ffff0000.ccnd[3766]: CCND_DEBUG=-1 CCND_CAP=2147483647
1389769125.064742 ffff0000.ccnd[3766]: listening on /tmp/.ccnd.sock.63005
1389769125.064772 ffff0000.ccnd[3766]: accepting ipv4 datagrams on fd 4 rcvbuf 229376
1389769125.064791 ffff0000.ccnd[3766]: accepting ipv4 connections on fd 5
1389769125.064809 ffff0000.ccnd[3766]: accepting ipv6 datagrams on fd 6 rcvbuf 229376
1389769125.064827 ffff0000.ccnd[3766]: accepting ipv6 connections on fd 7
1389769125.068953 ffff0000.ccnd[3766]: debug.2509 prefix,ff=3 0 ccnx:/ccnx/ping (16 bytes)
1389769125.069093 ffff0000.ccnd[3766]: debug.2509 prefix,ff=3 0 ccnx:/%C1.M.S.localhost/%C1.M.SRV/ccnd (37 bytes)
1389769125.069114 ffff0000.ccnd[3766]: debug.2509 prefix,ff=3 0 ccnx:/%C1.M.S.neighborhood (24 bytes)
1389769125.069135 ffff0000.ccnd[3766]: debug.2509 prefix,ff=3 0 ccnx:/%C1.M.S.neighborhood/guest (32 bytes)
1389769125.069153 ffff0000.ccnd[3766]: debug.2509 prefix,ff=3 0 ccnx:/%C1.M.FACE (13 bytes)
1389769125.069187 ffff0000.ccnd[3766]: debug.2509 prefix,ff=0x17 0 ccnx:/ccnx/%1DRE%04qz=1ECCE1A58A83CB5E57078A364D6917FCE7210034863C409D0F86 (45 bytes)
1389769125.069203 ffff0000.ccnd[3766]: debug.2509 prefix,ff=0x23 0 ccnx:/%C1.M.S.localhost (20 bytes)
1389769126.063471 ffff01f3.ccnd[3766]: accepted client fd=8 id=6
1389769126.063531 ffff01f3.ccnd[3766]: shutdown client fd=8 id=6
1389769126.063542 ffff01f3.ccnd[3766]: recycling face id 6 (slot 6)
1389769126.064555 ffff01f3.ccnd[3766]: accepted client fd=8 id=6
1389769126.064928 ffff01f4.ccnd[3766]: accepted client fd=9 id=7
1389769126.064959 ffff01f4.ccnd[3766]: accepted client fd=10 id=8
1389769126.065420 ffff01f4.ccnd[3766]: accepted client fd=11 id=9
1389769126.070925 ffff01f7.ccnd[3766]: debug.4180 interest_from 9 ccnx:/%C1.M.S.localhost/%C1.M.SRV/ccnd/KEY (46 bytes,sim=DC5B4561)
1389769126.070936 ffff01f7.ccnd[3766]: version: 20090701, etc: 0 bytes
1389769126.070950 ffff01f7.ccnd[3766]: fwd.3142 adding 0
1389769126.070957 ffff01f7.ccnd[3766]: fwd.3142 adding 0
1389769126.070974 ffff01f7.ccnd[3766]: fwd.3142 adding 0
1389769126.070985 ffff01f7.ccnd[3766]: fwd.3142 adding 0
1389769126.070991 ffff01f7.ccnd[3766]: outbound.3227 adding 0
1389769126.070999 ffff01f7.ccnd[3766]: ie_next_usec.3259 now+2000 i=1 f=300c 9  1D5245-0EB6-0009-A612-37C656
1389769126.071010 ffff01f7.ccnd[3766]: ie_next_usec.3259 now+2 i=1 f=0500 0  000000-0000-0000-0000-000000
1389769126.071019 ffff01f7.ccnd[3766]: ie_next_usec.3276 expiry=ffff01f9
1389769126.071025 ffff01f7.ccnd[3766]: ie_next_usec.3280 4000 usec
1389769126.075126 ffff01f9.ccnd[3766]: debug.3324 interest_to 0 ccnx:/%C1.M.S.localhost/%C1.M.SRV/ccnd/KEY (62 bytes,i=1,sim=DC5B4561) 1D5245-0EB6-0009-A612-37C656
1389769126.000000 ccnd[3766]: 63005 ____________________ Wed Jan 15 14:58:46 2014
1389769126.075158 ffff01f9.ccnd[3766]: debug.1004 ccnd_answer_req ccnx:/%C1.M.S.localhost/%C1.M.SRV/ccnd/KEY (62 bytes,i=1,sim=DC5B4561) 1D5245-0EB6-0009-A612-37C656
1389769126.076417 ffff01f9.ccnd[3766]: debug.4492 content_from 0 ccnx:/%C1.M.S.localhost/%C1.M.SRV/ccnd/KEY/%C1.M.K=001D524504717A1ECCE1A58A83CB5E57078A364D6917FCE7210034863C409D0F86/=FD052D631A5108/=00/f7%93k=27F3C09911C63B2F2CD73A88CF67F7F149F51933AA3D6538B5DB206E (575 bytes)
1389769126.076443 ffff01f9.ccnd[3766]: face 9 q 0 delay 3 usec
1389769126.076452 ffff01f9.ccnd[3766]: sl.1873 0 ci=4 osrc=4294967295 src=0 usec=10539
1389769126.076460 ffff01f9.ccnd[3766]: sl.1873 0 ci=3 osrc=4294967295 src=0 usec=10539
1389769126.076467 ffff01f9.ccnd[3766]: fwd.3142 adding 0
1389769126.076474 ffff01f9.ccnd[3766]: fwd.3142 adding 0
1389769126.076511 ffff01f9.ccnd[3766]: debug.1550 content_to 9 ccnx:/%C1.M.S.localhost/%C1.M.SRV/ccnd/KEY/%C1.M.K=001D524504717A1ECCE1A58A83CB5E57078A364D6917FCE7210034863C409D0F86/=FD052D631A5108/=00/f7%93k=27F3C09911C63B2F2CD73A88CF67F7F149F51933AA3D6538B5DB206E (575 bytes)
1389769126.077365 ffff01fa.ccnd[3766]: debug.4180 interest_from 9 ccnx:/ccnx/%1DRE%04qz=1ECCE1A58A83CB5E57078A364D6917FCE7210034863C409D0F86/selfreg/=048202AA03B208850BCE893D79F71802B410FA2433C984D87C17EE0BAE8DDEE47675F9857B6B62D2AC120845A65257A50EF9170C2476962EC26284D815EDF81297C28D8E39E80C53E6EC6EDF58EE54F84007034229B760BB24BC643268B590C9FBBFF74F150D8F072269532C7E68E35723ADCC8D7F08246BB358658FB717A5102166B4CF7E1420430000F20001A203E202851EBCFDB2B9CF7AA1B41307B3D10E5C0E8278DDEC8E3E5490624ED80143910D320002BAB5052D631A613A0001E201DA0A9530819F300D06092A864886F70D010101050003818D0030818902818100D588AB339066C6CF5A6A650CCC7B8AE6AEF1200FFC43754ACE5C3C2C9E6AD3072D993F9C180AA1F1DCD5998113A51F851131507BC8626DD23C064411E66778B3CFAFBF632E5C9F2A59B3A41E60B47CB2BB46A9648CCC056F07B0A4ADD19F82F7A93482A8701C0FBA61A5715C51DD099AF2172FC8ECD0B1A74CD9A1412D4776390203010001000000019A04AD058A04CABE73656C6672656700F2FAC5616E737765726564000003E202851D524504717A1ECCE1A58A83CB5E57078A364D6917FCE7210034863C409D0F860004FA8E3300000000 (497 bytes,sim=3C7D9241)
1389769126.077387 ffff01fa.ccnd[3766]: version: 20090701, etc: 0 bytes
1389769126.077401 ffff01fa.ccnd[3766]: fwd.3142 adding 0
1389769126.077443 ffff01fa.ccnd[3766]: debug.4231 first_candidate ccnx:/%C1.M.S.localhost/%C1.M.SRV/ccnd/KEY/%C1.M.K=001D524504717A1ECCE1A58A83CB5E57078A364D6917FCE7210034863C409D0F86/=FD052D631A5108/=00/f7%93k=27F3C09911C63B2F2CD73A88CF67F7F149F51933AA3D6538B5DB206E (575 bytes)
1389769126.077571 ffff01fa.ccnd[3766]: debug.4236 prefix_mismatch ccnx:/ccnx/%1DRE%04qz=1ECCE1A58A83CB5E57078A364D6917FCE7210034863C409D0F86/selfreg/=048202AA03B208850BCE893D79F71802B410FA2433C984D87C17EE0BAE8DDEE47675F9857B6B62D2AC120845A65257A50EF9170C2476962EC26284D815EDF81297C28D8E39E80C53E6EC6EDF58EE54F84007034229B760BB24BC643268B590C9FBBFF74F150D8F072269532C7E68E35723ADCC8D7F08246BB358658FB717A5102166B4CF7E1420430000F20001A203E202851EBCFDB2B9CF7AA1B41307B3D10E5C0E8278DDEC8E3E5490624ED80143910D320002BAB5052D631A613A0001E201DA0A9530819F300D06092A864886F70D010101050003818D0030818902818100D588AB339066C6CF5A6A650CCC7B8AE6AEF1200FFC43754ACE5C3C2C9E6AD3072D993F9C180AA1F1DCD5998113A51F851131507BC8626DD23C064411E66778B3CFAFBF632E5C9F2A59B3A41E60B47CB2BB46A9648CCC056F07B0A4ADD19F82F7A93482A8701C0FBA61A5715C51DD099AF2172FC8ECD0B1A74CD9A1412D4776390203010001000000019A04AD058A04CABE73656C6672656700F2FAC5616E737765726564000003E202851D524504717A1ECCE1A58A83CB5E57078A364D6917FCE7210034863C409D0F860004FA8E3300000000 (497 bytes,sim=3C7D9241)
1389769126.077587 ffff01fa.ccnd[3766]: fwd.3142 adding 0
1389769126.077594 ffff01fa.ccnd[3766]: outbound.3227 adding 0
1389769126.077603 ffff01fa.ccnd[3766]: ie_next_usec.3259 now+2000 i=2 f=300c 9  1D5245-0EB6-0009-A613-B0332F
1389769126.077612 ffff01fa.ccnd[3766]: ie_next_usec.3259 now+2 i=2 f=0500 0  000000-0000-0000-0000-000000
1389769126.077621 ffff01fa.ccnd[3766]: ie_next_usec.3276 expiry=ffff01fc
1389769126.077627 ffff01fa.ccnd[3766]: ie_next_usec.3280 4000 usec
1389769126.081842 ffff01fc.ccnd[3766]: debug.3324 interest_to 0 ccnx:/ccnx/%1DRE%04qz=1ECCE1A58A83CB5E57078A364D6917FCE7210034863C409D0F86/selfreg/=048202AA03B208850BCE893D79F71802B410FA2433C984D87C17EE0BAE8DDEE47675F9857B6B62D2AC120845A65257A50EF9170C2476962EC26284D815EDF81297C28D8E39E80C53E6EC6EDF58EE54F84007034229B760BB24BC643268B590C9FBBFF74F150D8F072269532C7E68E35723ADCC8D7F08246BB358658FB717A5102166B4CF7E1420430000F20001A203E202851EBCFDB2B9CF7AA1B41307B3D10E5C0E8278DDEC8E3E5490624ED80143910D320002BAB5052D631A613A0001E201DA0A9530819F300D06092A864886F70D010101050003818D0030818902818100D588AB339066C6CF5A6A650CCC7B8AE6AEF1200FFC43754ACE5C3C2C9E6AD3072D993F9C180AA1F1DCD5998113A51F851131507BC8626DD23C064411E66778B3CFAFBF632E5C9F2A59B3A41E60B47CB2BB46A9648CCC056F07B0A4ADD19F82F7A93482A8701C0FBA61A5715C51DD099AF2172FC8ECD0B1A74CD9A1412D4776390203010001000000019A04AD058A04CABE73656C6672656700F2FAC5616E737765726564000003E202851D524504717A1ECCE1A58A83CB5E57078A364D6917FCE7210034863C409D0F860004FA8E3300000000 (513 bytes,i=2,sim=3C7D9241) 1D5245-0EB6-0009-A613-B0332F
1389769126.081994 ffff01fc.ccnd[3766]: debug.1004 ccnd_answer_req ccnx:/ccnx/%1DRE%04qz=1ECCE1A58A83CB5E57078A364D6917FCE7210034863C409D0F86/selfreg/=048202AA03B208850BCE893D79F71802B410FA2433C984D87C17EE0BAE8DDEE47675F9857B6B62D2AC120845A65257A50EF9170C2476962EC26284D815EDF81297C28D8E39E80C53E6EC6EDF58EE54F84007034229B760BB24BC643268B590C9FBBFF74F150D8F072269532C7E68E35723ADCC8D7F08246BB358658FB717A5102166B4CF7E1420430000F20001A203E202851EBCFDB2B9CF7AA1B41307B3D10E5C0E8278DDEC8E3E5490624ED80143910D320002BAB5052D631A613A0001E201DA0A9530819F300D06092A864886F70D010101050003818D0030818902818100D588AB339066C6CF5A6A650CCC7B8AE6AEF1200FFC43754ACE5C3C2C9E6AD3072D993F9C180AA1F1DCD5998113A51F851131507BC8626DD23C064411E66778B3CFAFBF632E5C9F2A59B3A41E60B47CB2BB46A9648CCC056F07B0A4ADD19F82F7A93482A8701C0FBA61A5715C51DD099AF2172FC8ECD0B1A74CD9A1412D4776390203010001000000019A04AD058A04CABE73656C6672656700F2FAC5616E737765726564000003E202851D524504717A1ECCE1A58A83CB5E57078A364D6917FCE7210034863C409D0F860004FA8E3300000000 (513 bytes,i=2,sim=3C7D9241) 1D5245-0EB6-0009-A613-B0332F
1389769126.082137 ffff01fc.ccnd[3766]: debug.2509 prefix,ff=3 9 ccnx:/answered (13 bytes)
1389769126.082835 ffff01fc.ccnd[3766]: debug.1200 ccnd_answer_req_response ccnx:/ccnx/%1DRE%04qz=1ECCE1A58A83CB5E57078A364D6917FCE7210034863C409D0F86/selfreg/=048202AA03B208850BCE893D79F71802B410FA2433C984D87C17EE0BAE8DDEE47675F9857B6B62D2AC120845A65257A50EF9170C2476962EC26284D815EDF81297C28D8E39E80C53E6EC6EDF58EE54F84007034229B760BB24BC643268B590C9FBBFF74F150D8F072269532C7E68E35723ADCC8D7F08246BB358658FB717A5102166B4CF7E1420430000F20001A203E202851EBCFDB2B9CF7AA1B41307B3D10E5C0E8278DDEC8E3E5490624ED80143910D320002BAB5052D631A613A0001E201DA0A9530819F300D06092A864886F70D010101050003818D0030818902818100D588AB339066C6CF5A6A650CCC7B8AE6AEF1200FFC43754ACE5C3C2C9E6AD3072D993F9C180AA1F1DCD5998113A51F851131507BC8626DD23C064411E66778B3CFAFBF632E5C9F2A59B3A41E60B47CB2BB46A9648CCC056F07B0A4ADD19F82F7A93482A8701C0FBA61A5715C51DD099AF2172FC8ECD0B1A74CD9A1412D4776390203010001000000019A04AD058A04CABE73656C6672656700F2FAC5616E737765726564000003E202851D524504717A1ECCE1A58A83CB5E57078A364D6917FCE7210034863C409D0F860004FA8E3300000000 (941 bytes)
1389769126.083006 ffff01fd.ccnd[3766]: debug.4492 content_from 0 ccnx:/ccnx/%1DRE%04qz=1ECCE1A58A83CB5E57078A364D6917FCE7210034863C409D0F86/selfreg/=048202AA03B208850BCE893D79F71802B410FA2433C984D87C17EE0BAE8DDEE47675F9857B6B62D2AC120845A65257A50EF9170C2476962EC26284D815EDF81297C28D8E39E80C53E6EC6EDF58EE54F84007034229B760BB24BC643268B590C9FBBFF74F150D8F072269532C7E68E35723ADCC8D7F08246BB358658FB717A5102166B4CF7E1420430000F20001A203E202851EBCFDB2B9CF7AA1B41307B3D10E5C0E8278DDEC8E3E5490624ED80143910D320002BAB5052D631A613A0001E201DA0A9530819F300D06092A864886F70D010101050003818D0030818902818100D588AB339066C6CF5A6A650CCC7B8AE6AEF1200FFC43754ACE5C3C2C9E6AD3072D993F9C180AA1F1DCD5998113A51F851131507BC8626DD23C064411E66778B3CFAFBF632E5C9F2A59B3A41E60B47CB2BB46A9648CCC056F07B0A4ADD19F82F7A93482A8701C0FBA61A5715C51DD099AF2172FC8ECD0B1A74CD9A1412D4776390203010001000000019A04AD058A04CABE73656C6672656700F2FAC5616E737765726564000003E202851D524504717A1ECCE1A58A83CB5E57078A364D6917FCE7210034863C409D0F860004FA8E3300000000/=7C0C558C11702187D451494E18ABC8DCD7A126D1B2A7C7FACD757248C9AF7BB9 (941 bytes)
1389769126.083028 ffff01fd.ccnd[3766]: fwd.3142 adding 0
1389769126.083042 ffff01fd.ccnd[3766]: face 9 q 0 delay 3 usec
1389769126.083054 ffff01fd.ccnd[3766]: sl.1873 0 ci=4 osrc=4294967295 src=0 usec=10539
1389769126.083062 ffff01fd.ccnd[3766]: fwd.3142 adding 0
1389769126.083068 ffff01fd.ccnd[3766]: sl.1873 0 ci=3 osrc=4294967295 src=0 usec=10539
1389769126.083075 ffff01fd.ccnd[3766]: fwd.3142 adding 0
1389769126.083207 ffff01fd.ccnd[3766]: debug.1550 content_to 9 ccnx:/ccnx/%1DRE%04qz=1ECCE1A58A83CB5E57078A364D6917FCE7210034863C409D0F86/selfreg/=048202AA03B208850BCE893D79F71802B410FA2433C984D87C17EE0BAE8DDEE47675F9857B6B62D2AC120845A65257A50EF9170C2476962EC26284D815EDF81297C28D8E39E80C53E6EC6EDF58EE54F84007034229B760BB24BC643268B590C9FBBFF74F150D8F072269532C7E68E35723ADCC8D7F08246BB358658FB717A5102166B4CF7E1420430000F20001A203E202851EBCFDB2B9CF7AA1B41307B3D10E5C0E8278DDEC8E3E5490624ED80143910D320002BAB5052D631A613A0001E201DA0A9530819F300D06092A864886F70D010101050003818D0030818902818100D588AB339066C6CF5A6A650CCC7B8AE6AEF1200FFC43754ACE5C3C2C9E6AD3072D993F9C180AA1F1DCD5998113A51F851131507BC8626DD23C064411E66778B3CFAFBF632E5C9F2A59B3A41E60B47CB2BB46A9648CCC056F07B0A4ADD19F82F7A93482A8701C0FBA61A5715C51DD099AF2172FC8ECD0B1A74CD9A1412D4776390203010001000000019A04AD058A04CABE73656C6672656700F2FAC5616E737765726564000003E202851D524504717A1ECCE1A58A83CB5E57078A364D6917FCE7210034863C409D0F860004FA8E3300000000/=7C0C558C11702187D451494E18ABC8DCD7A126D1B2A7C7FACD757248C9AF7BB9 (941 bytes)
1389769126.164770 ffff0226.ccnd[3766]: debug.4180 interest_from 6 ccnx:/answered/test/TISwIPgOMIc_pITfze8 (46 bytes,sim=4C03C07E)
1389769126.164785 ffff0226.ccnd[3766]: version: 20090701, etc: 0 bytes
1389769126.164796 ffff0226.ccnd[3766]: fwd.3142 adding 9
1389769126.164839 ffff0226.ccnd[3766]: debug.4231 first_candidate ccnx:/%C1.M.S.localhost/%C1.M.SRV/ccnd/KEY/%C1.M.K=001D524504717A1ECCE1A58A83CB5E57078A364D6917FCE7210034863C409D0F86/=FD052D631A5108/=00/f7%93k=27F3C09911C63B2F2CD73A88CF67F7F149F51933AA3D6538B5DB206E (575 bytes)
1389769126.164857 ffff0226.ccnd[3766]: debug.4236 prefix_mismatch ccnx:/answered/test/TISwIPgOMIc_pITfze8 (46 bytes,sim=4C03C07E)
1389769126.164868 ffff0226.ccnd[3766]: fwd.3142 adding 9
1389769126.164875 ffff0226.ccnd[3766]: outbound.3227 adding 9
1389769126.164885 ffff0226.ccnd[3766]: ie_next_usec.3259 now+2000 i=3 f=300c 6  1D5245-0EB6-0006-A62A-37B1D9
1389769126.164895 ffff0226.ccnd[3766]: ie_next_usec.3259 now+2 i=3 f=0500 9  000000-0000-0000-0000-000000
1389769126.164904 ffff0226.ccnd[3766]: ie_next_usec.3276 expiry=ffff0228
1389769126.164910 ffff0226.ccnd[3766]: ie_next_usec.3280 4000 usec
1389769126.165197 ffff0226.ccnd[3766]: debug.4180 interest_from 8 ccnx:/answered/test/TISwIPgOMIc_pITfze8 (46 bytes,i=3,sim=4C03C07E)
1389769126.165211 ffff0226.ccnd[3766]: outbound.3227 adding 9
1389769126.165222 ffff0226.ccnd[3766]: ie_next_usec.3259 now+2000 i=3 f=300c 6  1D5245-0EB6-0006-A62A-37B1D9
1389769126.165232 ffff0226.ccnd[3766]: ie_next_usec.3259 now+2 i=3 f=0500 9  000000-0000-0000-0000-000000
1389769126.165242 ffff0226.ccnd[3766]: ie_next_usec.3259 now+2000 i=3 f=300c 8  1D5245-0EB6-0008-A62A-A35408
1389769126.165250 ffff0226.ccnd[3766]: ie_next_usec.3276 expiry=ffff0228
1389769126.165256 ffff0226.ccnd[3766]: ie_next_usec.3280 4000 usec
1389769126.165294 ffff0226.ccnd[3766]: debug.4180 interest_from 7 ccnx:/answered/test/TISwIPgOMIc_pITfze8 (46 bytes,i=3,sim=4C03C07E)
1389769126.165303 ffff0226.ccnd[3766]: outbound.3227 adding 9
1389769126.165312 ffff0226.ccnd[3766]: ie_next_usec.3259 now+2000 i=3 f=300c 6  1D5245-0EB6-0006-A62A-37B1D9
1389769126.165321 ffff0226.ccnd[3766]: ie_next_usec.3259 now+2 i=3 f=0500 9  000000-0000-0000-0000-000000
1389769126.165330 ffff0226.ccnd[3766]: ie_next_usec.3259 now+2000 i=3 f=300c 8  1D5245-0EB6-0008-A62A-A35408
1389769126.165339 ffff0226.ccnd[3766]: ie_next_usec.3259 now+2000 i=3 f=300c 7  1D5245-0EB6-0007-A62A-482B3C
1389769126.165348 ffff0226.ccnd[3766]: ie_next_usec.3276 expiry=ffff0228
1389769126.165353 ffff0226.ccnd[3766]: ie_next_usec.3280 4000 usec
1389769126.169458 ffff0228.ccnd[3766]: debug.3324 interest_to 9 ccnx:/answered/test/TISwIPgOMIc_pITfze8 (62 bytes,i=3,sim=4C03C07E) 1D5245-0EB6-0006-A62A-37B1D9
1389769127.000000 ccnd[3766]: 63005 ____________________ Wed Jan 15 14:58:47 2014
1389769127.067870 ffff03e9.ccnd[3766]: accepted client fd=12 id=10
1389769127.068154 ffff03e9.ccnd[3766]: shutdown client fd=12 id=10
1389769127.068164 ffff03e9.ccnd[3766]: recycling face id 10 (slot 10)
1389769127.072156 ffff03eb.ccnd[3766]: accepted client fd=12 id=10
1389769127.078246 ffff03ee.ccnd[3766]: debug.4492 content_from 10 ccnx:/answered/test/TISwIPgOMIc_pITfze8/%EBo=EB5CBE8223EDF3F7A34DF50E3D8A0507001BE8E5C25B6E66495113FE3433 (431 bytes)
1389769127.078269 ffff03ee.ccnd[3766]: face 6 q 0 delay 3 usec
1389769127.078279 ffff03ee.ccnd[3766]: face 8 q 0 delay 3 usec
1389769127.078287 ffff03ee.ccnd[3766]: face 7 q 0 delay 3 usec
1389769127.078295 ffff03ee.ccnd[3766]: sl.1873 10 ci=3 osrc=4294967295 src=10 usec=10539
1389769127.078305 ffff03ee.ccnd[3766]: fwd.3142 adding 9
1389769127.078322 ffff03ee.ccnd[3766]: sl.1873 10 ci=2 osrc=4294967295 src=10 usec=10539
1389769127.078347 ffff03ee.ccnd[3766]: debug.1550 content_to 6 ccnx:/answered/test/TISwIPgOMIc_pITfze8/%EBo=EB5CBE8223EDF3F7A34DF50E3D8A0507001BE8E5C25B6E66495113FE3433 (431 bytes)
1389769127.078381 ffff03ee.ccnd[3766]: debug.1550 content_to 8 ccnx:/answered/test/TISwIPgOMIc_pITfze8/%EBo=EB5CBE8223EDF3F7A34DF50E3D8A0507001BE8E5C25B6E66495113FE3433 (431 bytes)
1389769127.078414 ffff03ee.ccnd[3766]: debug.1550 content_to 7 ccnx:/answered/test/TISwIPgOMIc_pITfze8/%EBo=EB5CBE8223EDF3F7A34DF50E3D8A0507001BE8E5C25B6E66495113FE3433 (431 bytes)
1389769127.078446 ffff03ee.ccnd[3766]: shutdown client fd=12 id=10
1389769127.078455 ffff03ee.ccnd[3766]: releasing face id 10 (slot 10)
1389769127.078670 ffff03ef.ccnd[3766]: shutdown client fd=9 id=7
1389769127.078681 ffff03ef.ccnd[3766]: releasing face id 7 (slot 7)
1389769127.078697 ffff03ef.ccnd[3766]: shutdown client fd=10 id=8
1389769127.078705 ffff03ef.ccnd[3766]: releasing face id 8 (slot 8)
1389769127.078720 ffff03ef.ccnd[3766]: shutdown client fd=8 id=6
1389769127.078728 ffff03ef.ccnd[3766]: releasing face id 6 (slot 6)
1389769128.081729 ffff05e4.ccnd[3766]: accepted client fd=8 id=11
1389769128.083283 ffff05e5.ccnd[3766]: accepted client fd=9 id=12
1389769128.083300 ffff05e5.ccnd[3766]: stopping (/tmp/.ccnd.sock.63005 gone)
1389769128.083308 ffff05e5.ccnd[3766]: exiting.
1389769128.083321 ffff05e5.ccnd[3766]: closing fd 3 while finalizing face 1
1389769128.083329 ffff05e5.ccnd[3766]: releasing face id 1 (slot 1)
1389769128.083341 ffff05e5.ccnd[3766]: closing fd 5 while finalizing face 3
1389769128.083350 ffff05e5.ccnd[3766]: releasing face id 3 (slot 3)
1389769128.083362 ffff05e5.ccnd[3766]: closing fd 7 while finalizing face 5
1389769128.083370 ffff05e5.ccnd[3766]: releasing face id 5 (slot 5)
1389769128.000000 ccnd[3766]: 63005 ____________________ Wed Jan 15 14:58:48 2014
1389769128.083381 ffff05e5.ccnd[3766]: closing fd 4 while finalizing face 2
1389769128.083406 ffff05e5.ccnd[3766]: releasing face id 2 (slot 2)
1389769128.083417 ffff05e5.ccnd[3766]: closing fd 6 while finalizing face 4
1389769128.083425 ffff05e5.ccnd[3766]: releasing face id 4 (slot 4)
1389769128.083483 ffff05e5.ccnd[3766]: closing fd 8 while finalizing face 11
1389769128.083492 ffff05e5.ccnd[3766]: releasing face id 11 (slot 11)
1389769128.083519 ffff05e5.ccnd[3766]: closing fd 11 while finalizing face 9
1389769128.083528 ffff05e5.ccnd[3766]: releasing face id 9 (slot 9)
1389769128.083760 ffff05e5.ccnd[3766]: closing fd 9 while finalizing face 12
1389769128.083775 ffff05e5.ccnd[3766]: recycling face id 12 (slot 12)
