=3B3EDD29D0C131C86E261118F28B00B20E1E03926E2D8E4B6118970141B1DE46 [verified]
